lib/actions/waste.ts(272,7): error TS2322: Type '{ id: string; user_id: string; recipe_id: string | null; name: string; category: string; selling_price: number; sales_percentage: number; waste_percentage: number; is_active: boolean; created_at: string; updated_at: string; }[]' is not assignable to type 'MenuItem[]'.
  Property 'org_id' is missing in type '{ id: string; user_id: string; recipe_id: string | null; name: string; category: string; selling_price: number; sales_percentage: number; waste_percentage: number; is_active: boolean; created_at: string; updated_at: string; }' but required in type 'MenuItem'.
tests/unit/engines/ai-insights.test.ts(6,3): error TS2322: Type '{ id: string; org_id?: string | undefined; user_id: string; supplier_id: string | null; name: string; category: string; quantity: number; unit: string; expiry_date: string | null; reorder_point: number; ... 4 more ...; updated_at: string; }' is not assignable to type 'InventoryItem'.
  Types of property 'org_id' are incompatible.
    Type 'string | undefined' is not assignable to type 'string'.
      Type 'undefined' is not assignable to type 'string'.
tests/unit/engines/ai-insights.test.ts(26,3): error TS2322: Type '{ id: string; org_id?: string | undefined; user_id: string; recipe_id: string | null; name: string; category: string; selling_price: number; sales_percentage: number; waste_percentage: number; is_active: boolean; created_at: string; updated_at: string; }' is not assignable to type 'MenuItem'.
  Types of property 'org_id' are incompatible.
    Type 'string | undefined' is not assignable to type 'string'.
      Type 'undefined' is not assignable to type 'string'.
tests/unit/engines/ai-insights.test.ts(43,3): error TS2322: Type '{ id: string; org_id?: string | undefined; user_id: string; inventory_item_id: string | null; quantity: number; unit: string; estimated_value: number; reason: WasteReason; notes: string | null; recorded_at: string; created_at: string; }' is not assignable to type 'WasteEvent'.
  Types of property 'org_id' are incompatible.
    Type 'string | undefined' is not assignable to type 'string'.
      Type 'undefined' is not assignable to type 'string'.
tests/unit/engines/waste-analysis.test.ts(13,3): error TS2322: Type '{ id: string; org_id?: string | undefined; user_id: string; supplier_id: string | null; name: string; category: string; quantity: number; unit: string; expiry_date: string | null; reorder_point: number; ... 4 more ...; updated_at: string; }' is not assignable to type 'InventoryItem'.
  Types of property 'org_id' are incompatible.
    Type 'string | undefined' is not assignable to type 'string'.
      Type 'undefined' is not assignable to type 'string'.
tests/unit/engines/waste-analysis.test.ts(33,3): error TS2322: Type '{ id: string; org_id?: string | undefined; user_id: string; inventory_item_id: string | null; quantity: number; unit: string; estimated_value: number; reason: WasteReason; notes: string | null; recorded_at: string; created_at: string; }' is not assignable to type 'WasteEvent'.
  Types of property 'org_id' are incompatible.
    Type 'string | undefined' is not assignable to type 'string'.
      Type 'undefined' is not assignable to type 'string'.
tests/unit/engines/waste-predictions.test.ts(10,3): error TS2322: Type '{ id: string; org_id?: string | undefined; user_id: string; supplier_id: string | null; name: string; category: string; quantity: number; unit: string; expiry_date: string | null; reorder_point: number; ... 4 more ...; updated_at: string; }' is not assignable to type 'InventoryItem'.
  Types of property 'org_id' are incompatible.
    Type 'string | undefined' is not assignable to type 'string'.
      Type 'undefined' is not assignable to type 'string'.
tests/unit/engines/waste-predictions.test.ts(30,3): error TS2322: Type '{ id: string; org_id?: string | undefined; user_id: string; inventory_item_id: string | null; quantity: number; unit: string; estimated_value: number; reason: WasteReason; notes: string | null; recorded_at: string; created_at: string; }' is not assignable to type 'WasteEvent'.
  Types of property 'org_id' are incompatible.
    Type 'string | undefined' is not assignable to type 'string'.
      Type 'undefined' is not assignable to type 'string'.
tests/unit/utils/csv.test.ts(5,7): error TS2741: Property 'org_id' is missing in type '{ id: string; user_id: string; supplier_id: null; name: string; category: string; quantity: number; unit: string; expiry_date: string; reorder_point: number; max_stock_level: number; price_per_unit: number; deleted_at: null; created_at: string; updated_at: string; }' but required in type 'InventoryItem'.
